0 verbose cli C:\Program Files\nodejs\node.exe C:\Users\notai\AppData\Roaming\npm\node_modules\npm\bin\npm-cli.js
1 info using npm@11.11.0
2 info using node@v22.14.0
3 silly config load:file:C:\Users\notai\AppData\Roaming\npm\node_modules\npm\npmrc
4 silly config load:file:g:\notai\VSCodeProjects\franartic-portfolio\.npmrc
5 silly config load:file:C:\Users\notai\.npmrc
6 silly config load:file:C:\Users\notai\AppData\Roaming\npm\etc\npmrc
7 verbose title npm outdated
8 verbose argv "outdated" "--json"
9 verbose logfile logs-max:10 dir:G:\notai\VSCodeProjects\franartic-portfolio\notai\packages\npm\_logs\2026-03-19T04_17_17_738Z-
10 verbose logfile G:\notai\VSCodeProjects\franartic-portfolio\notai\packages\npm\_logs\2026-03-19T04_17_17_738Z-debug-0.log
11 silly logfile start cleaning logs, removing 1 files
12 silly packumentCache heap:4345298944 maxSize:1086324736 maxEntrySize:543162368
13 silly logfile done cleaning log files
14 http fetch GET https://registry.npmjs.org/@eslint%2feslintrc attempt 1 failed with ERR_SSL_SSLV3_ALERT_ILLEGAL_PARAMETER
15 http fetch GET 200 https://registry.npmjs.org/npm 2626ms
16 http fetch GET 200 https://registry.npmjs.org/react-icons 1349ms (cache updated)
17 http fetch GET 200 https://registry.npmjs.org/@tailwindcss%2fpostcss 1600ms (cache updated)
18 http fetch GET 200 https://registry.npmjs.org/eslint 1676ms (cache updated)
19 http fetch GET 200 https://registry.npmjs.org/lucide-react 1760ms (cache updated)
20 http fetch GET 200 https://registry.npmjs.org/react 2110ms (cache updated)
21 http fetch GET 200 https://registry.npmjs.org/react-dom 2184ms (cache updated)
22 http fetch GET 200 https://registry.npmjs.org/eslint-config-next 2244ms (cache updated)
23 http fetch GET 200 https://registry.npmjs.org/tailwindcss 2340ms (cache updated)
24 http fetch GET 200 https://registry.npmjs.org/next 2760ms (cache updated)
25 http fetch GET 200 https://registry.npmjs.org/@eslint%2feslintrc 10952ms attempt #2 (cache updated)
26 verbose cwd g:\notai\VSCodeProjects\franartic-portfolio
27 verbose os Windows_NT 10.0.22631
28 verbose node v22.14.0
29 verbose npm  v11.11.0
30 notice
30 notice New minor version of npm available! 11.11.0 -> 11.12.0
30 notice Changelog: https://github.com/npm/cli/releases/tag/v11.12.0
30 notice To update run: npm install -g npm@11.12.0
30 notice  { force: true, [Symbol(proc-log.meta)]: true }
31 verbose exit 1
32 verbose code 1
