0 verbose cli C:\Program Files\nodejs\node.exe C:\Users\notai\AppData\Roaming\npm\node_modules\npm\bin\npm-cli.js
1 info using npm@11.11.0
2 info using node@v22.14.0
3 silly config load:file:C:\Users\notai\AppData\Roaming\npm\node_modules\npm\npmrc
4 silly config load:file:G:\notai\VSCodeProjects\franartic-portfolio\.npmrc
5 silly config load:file:C:\Users\notai\.npmrc
6 silly config load:file:C:\Users\notai\AppData\Roaming\npm\etc\npmrc
7 verbose title npm install
8 verbose argv "install"
9 verbose logfile logs-max:10 dir:G:\notai\VSCodeProjects\franartic-portfolio\notai\packages\npm\_logs\2026-03-19T05_16_04_329Z-
10 verbose logfile G:\notai\VSCodeProjects\franartic-portfolio\notai\packages\npm\_logs\2026-03-19T05_16_04_329Z-debug-0.log
11 silly logfile start cleaning logs, removing 1 files
12 silly packumentCache heap:4345298944 maxSize:1086324736 maxEntrySize:543162368
13 silly logfile done cleaning log files
14 silly idealTree buildDeps
15 silly fetch manifest next@^16.1.6
16 silly packumentCache full:https://registry.npmjs.org/next cache-miss
17 http fetch GET 200 https://registry.npmjs.org/next 18532ms (cache updated)
18 silly packumentCache full:https://registry.npmjs.org/next set size:undefined disposed:false
19 silly fetch manifest @opentelemetry/api@^1.1.0
20 silly packumentCache full:https://registry.npmjs.org/@opentelemetry%2fapi cache-miss
21 http fetch GET 200 https://registry.npmjs.org/@opentelemetry%2fapi 400ms (cache updated)
22 silly packumentCache full:https://registry.npmjs.org/@opentelemetry%2fapi set size:undefined disposed:false
23 silly fetch manifest @playwright/test@^1.51.1
24 silly packumentCache full:https://registry.npmjs.org/@playwright%2ftest cache-miss
25 http fetch GET 200 https://registry.npmjs.org/@playwright%2ftest 2990ms (cache updated)
26 silly packumentCache full:https://registry.npmjs.org/@playwright%2ftest set size:undefined disposed:false
27 silly fetch manifest babel-plugin-react-compiler@*
28 silly packumentCache full:https://registry.npmjs.org/babel-plugin-react-compiler cache-miss
29 http fetch GET 200 https://registry.npmjs.org/babel-plugin-react-compiler 418ms (cache updated)
30 silly packumentCache full:https://registry.npmjs.org/babel-plugin-react-compiler set size:undefined disposed:false
31 silly fetch manifest react@^19.2.4
32 silly packumentCache full:https://registry.npmjs.org/react cache-miss
33 http fetch GET 200 https://registry.npmjs.org/react 2002ms (cache updated)
34 silly packumentCache full:https://registry.npmjs.org/react set size:undefined disposed:false
35 silly fetch manifest react-dom@^19.2.4
36 silly packumentCache full:https://registry.npmjs.org/react-dom cache-miss
37 http fetch GET 200 https://registry.npmjs.org/react-dom 1802ms (cache updated)
38 silly packumentCache full:https://registry.npmjs.org/react-dom set size:undefined disposed:false
39 silly fetch manifest sass@^1.3.0
40 silly packumentCache full:https://registry.npmjs.org/sass cache-miss
41 http fetch GET 200 https://registry.npmjs.org/sass 519ms (cache updated)
42 silly packumentCache full:https://registry.npmjs.org/sass set size:undefined disposed:false
43 silly placeDep ROOT next@16.2.0 REPLACE for: franartic-portfolio@0.1.0 want: ^16.1.6
44 silly placeDep ROOT react@19.2.4 REPLACE for: franartic-portfolio@0.1.0 want: ^19.2.4
45 silly placeDep ROOT react-dom@19.2.4 REPLACE for: franartic-portfolio@0.1.0 want: ^19.2.4
46 silly fetch manifest @next/env@16.2.0
47 silly packumentCache full:https://registry.npmjs.org/@next%2fenv cache-miss
48 silly fetch manifest baseline-browser-mapping@^2.9.19
49 silly packumentCache full:https://registry.npmjs.org/baseline-browser-mapping cache-miss
50 silly fetch manifest sharp@^0.34.5
51 silly packumentCache full:https://registry.npmjs.org/sharp cache-miss
52 silly fetch manifest @next/swc-darwin-x64@16.2.0
53 silly packumentCache full:https://registry.npmjs.org/@next%2fswc-darwin-x64 cache-miss
54 silly fetch manifest @next/swc-darwin-arm64@16.2.0
55 silly packumentCache full:https://registry.npmjs.org/@next%2fswc-darwin-arm64 cache-miss
56 silly fetch manifest @next/swc-linux-x64-gnu@16.2.0
57 silly packumentCache full:https://registry.npmjs.org/@next%2fswc-linux-x64-gnu cache-miss
58 silly fetch manifest @next/swc-linux-x64-musl@16.2.0
59 silly packumentCache full:https://registry.npmjs.org/@next%2fswc-linux-x64-musl cache-miss
60 http fetch GET 200 https://registry.npmjs.org/baseline-browser-mapping 257ms (cache miss)
61 silly packumentCache full:https://registry.npmjs.org/baseline-browser-mapping set size:undefined disposed:false
62 silly fetch manifest @next/swc-win32-x64-msvc@16.2.0
63 silly packumentCache full:https://registry.npmjs.org/@next%2fswc-win32-x64-msvc cache-miss
64 http fetch GET 200 https://registry.npmjs.org/sharp 1158ms (cache updated)
65 silly packumentCache full:https://registry.npmjs.org/sharp set size:undefined disposed:false
66 silly fetch manifest @next/swc-linux-arm64-gnu@16.2.0
67 silly packumentCache full:https://registry.npmjs.org/@next%2fswc-linux-arm64-gnu cache-miss
68 http fetch GET 200 https://registry.npmjs.org/@next%2fswc-win32-x64-msvc 1087ms (cache updated)
69 silly packumentCache full:https://registry.npmjs.org/@next%2fswc-win32-x64-msvc set size:undefined disposed:false
70 silly fetch manifest @next/swc-linux-arm64-musl@16.2.0
71 silly packumentCache full:https://registry.npmjs.org/@next%2fswc-linux-arm64-musl cache-miss
72 http fetch GET 200 https://registry.npmjs.org/@next%2fswc-darwin-arm64 2103ms (cache updated)
73 silly packumentCache full:https://registry.npmjs.org/@next%2fswc-darwin-arm64 set size:undefined disposed:false
74 silly fetch manifest @next/swc-win32-arm64-msvc@16.2.0
75 silly packumentCache full:https://registry.npmjs.org/@next%2fswc-win32-arm64-msvc cache-miss
76 http fetch GET 200 https://registry.npmjs.org/@next%2fswc-darwin-x64 2203ms (cache updated)
77 silly packumentCache full:https://registry.npmjs.org/@next%2fswc-darwin-x64 set size:undefined disposed:false
78 silly fetch manifest scheduler@^0.27.0
79 silly packumentCache full:https://registry.npmjs.org/scheduler cache-miss
80 http fetch GET 200 https://registry.npmjs.org/@next%2fenv 2366ms (cache updated)
81 silly packumentCache full:https://registry.npmjs.org/@next%2fenv set size:undefined disposed:false
82 http fetch GET 200 https://registry.npmjs.org/@next%2fswc-linux-arm64-gnu 1274ms (cache updated)
83 silly packumentCache full:https://registry.npmjs.org/@next%2fswc-linux-arm64-gnu set size:undefined disposed:false
84 http fetch GET 200 https://registry.npmjs.org/@next%2fswc-linux-arm64-musl 1126ms (cache updated)
85 silly packumentCache full:https://registry.npmjs.org/@next%2fswc-linux-arm64-musl set size:undefined disposed:false
86 http fetch GET 200 https://registry.npmjs.org/@next%2fswc-linux-x64-musl 2632ms (cache updated)
87 silly packumentCache full:https://registry.npmjs.org/@next%2fswc-linux-x64-musl set size:undefined disposed:false
88 http fetch GET 200 https://registry.npmjs.org/@next%2fswc-win32-arm64-msvc 690ms (cache updated)
89 silly packumentCache full:https://registry.npmjs.org/@next%2fswc-win32-arm64-msvc set size:undefined disposed:false
90 http fetch GET 200 https://registry.npmjs.org/scheduler 855ms (cache updated)
91 silly packumentCache full:https://registry.npmjs.org/scheduler set size:undefined disposed:false
92 http fetch GET 200 https://registry.npmjs.org/@next%2fswc-linux-x64-gnu 4741ms (cache updated)
93 silly packumentCache full:https://registry.npmjs.org/@next%2fswc-linux-x64-gnu set size:undefined disposed:false
94 silly placeDep ROOT @next/env@16.2.0 OK for: next@16.2.0 want: 16.2.0
95 silly placeDep ROOT @next/swc-darwin-arm64@16.2.0 OK for: next@16.2.0 want: 16.2.0
96 silly placeDep ROOT @next/swc-darwin-x64@16.2.0 OK for: next@16.2.0 want: 16.2.0
97 silly placeDep ROOT @next/swc-linux-arm64-gnu@16.2.0 OK for: next@16.2.0 want: 16.2.0
98 silly placeDep ROOT @next/swc-linux-arm64-musl@16.2.0 OK for: next@16.2.0 want: 16.2.0
99 silly placeDep ROOT @next/swc-linux-x64-gnu@16.2.0 OK for: next@16.2.0 want: 16.2.0
100 silly placeDep ROOT @next/swc-linux-x64-musl@16.2.0 OK for: next@16.2.0 want: 16.2.0
101 silly placeDep ROOT @next/swc-win32-arm64-msvc@16.2.0 OK for: next@16.2.0 want: 16.2.0
102 silly placeDep ROOT @next/swc-win32-x64-msvc@16.2.0 OK for: next@16.2.0 want: 16.2.0
103 silly placeDep ROOT baseline-browser-mapping@2.10.8 OK for: next@16.2.0 want: ^2.9.19
104 silly placeDep ROOT sharp@0.34.5 OK for: next@16.2.0 want: ^0.34.5
105 silly fetch manifest semver@^7.7.3
106 silly packumentCache full:https://registry.npmjs.org/semver cache-miss
107 silly fetch manifest @img/colour@^1.0.0
108 silly packumentCache full:https://registry.npmjs.org/@img%2fcolour cache-miss
109 silly fetch manifest detect-libc@^2.1.2
110 silly packumentCache full:https://registry.npmjs.org/detect-libc cache-miss
111 silly fetch manifest @img/sharp-wasm32@0.34.5
112 silly packumentCache full:https://registry.npmjs.org/@img%2fsharp-wasm32 cache-miss
113 silly fetch manifest @img/sharp-linux-arm@0.34.5
114 silly packumentCache full:https://registry.npmjs.org/@img%2fsharp-linux-arm cache-miss
115 silly fetch manifest @img/sharp-linux-x64@0.34.5
116 silly packumentCache full:https://registry.npmjs.org/@img%2fsharp-linux-x64 cache-miss
117 silly fetch manifest @img/sharp-win32-x64@0.34.5
118 silly packumentCache full:https://registry.npmjs.org/@img%2fsharp-win32-x64 cache-miss
119 http fetch GET 200 https://registry.npmjs.org/semver 267ms (cache updated)
120 silly packumentCache full:https://registry.npmjs.org/semver set size:undefined disposed:false
121 silly fetch manifest @img/sharp-darwin-x64@0.34.5
122 silly packumentCache full:https://registry.npmjs.org/@img%2fsharp-darwin-x64 cache-miss
123 http fetch GET 200 https://registry.npmjs.org/@img%2fcolour 280ms (cache miss)
124 silly packumentCache full:https://registry.npmjs.org/@img%2fcolour set size:undefined disposed:false
125 silly fetch manifest @img/sharp-win32-ia32@0.34.5
126 silly packumentCache full:https://registry.npmjs.org/@img%2fsharp-win32-ia32 cache-miss
127 http fetch GET 200 https://registry.npmjs.org/@img%2fsharp-wasm32 286ms (cache updated)
128 silly packumentCache full:https://registry.npmjs.org/@img%2fsharp-wasm32 set size:undefined disposed:false
129 silly fetch manifest @img/sharp-linux-arm64@0.34.5
130 silly packumentCache full:https://registry.npmjs.org/@img%2fsharp-linux-arm64 cache-miss
131 http fetch GET 200 https://registry.npmjs.org/@img%2fsharp-linux-arm 299ms (cache updated)
132 silly packumentCache full:https://registry.npmjs.org/@img%2fsharp-linux-arm set size:undefined disposed:false
133 silly fetch manifest @img/sharp-linux-ppc64@0.34.5
134 silly packumentCache full:https://registry.npmjs.org/@img%2fsharp-linux-ppc64 cache-miss
135 http fetch GET 200 https://registry.npmjs.org/@img%2fsharp-win32-x64 309ms (cache updated)
136 silly packumentCache full:https://registry.npmjs.org/@img%2fsharp-win32-x64 set size:undefined disposed:false
137 silly fetch manifest @img/sharp-linux-s390x@0.34.5
138 silly packumentCache full:https://registry.npmjs.org/@img%2fsharp-linux-s390x cache-miss
139 http fetch GET 200 https://registry.npmjs.org/@img%2fsharp-linux-x64 317ms (cache updated)
140 silly packumentCache full:https://registry.npmjs.org/@img%2fsharp-linux-x64 set size:undefined disposed:false
141 silly fetch manifest @img/sharp-win32-arm64@0.34.5
142 silly packumentCache full:https://registry.npmjs.org/@img%2fsharp-win32-arm64 cache-miss
143 http fetch GET 200 https://registry.npmjs.org/detect-libc 340ms (cache updated)
144 silly packumentCache full:https://registry.npmjs.org/detect-libc set size:undefined disposed:false
145 silly fetch manifest @img/sharp-darwin-arm64@0.34.5
146 silly packumentCache full:https://registry.npmjs.org/@img%2fsharp-darwin-arm64 cache-miss
147 http fetch GET 200 https://registry.npmjs.org/@img%2fsharp-win32-arm64 312ms (cache updated)
148 silly packumentCache full:https://registry.npmjs.org/@img%2fsharp-win32-arm64 set size:undefined disposed:false
149 silly fetch manifest @img/sharp-linux-riscv64@0.34.5
150 silly packumentCache full:https://registry.npmjs.org/@img%2fsharp-linux-riscv64 cache-miss
151 http fetch GET 200 https://registry.npmjs.org/@img%2fsharp-linux-ppc64 337ms (cache miss)
152 silly packumentCache full:https://registry.npmjs.org/@img%2fsharp-linux-ppc64 set size:undefined disposed:false
153 silly fetch manifest @img/sharp-linuxmusl-x64@0.34.5
154 silly packumentCache full:https://registry.npmjs.org/@img%2fsharp-linuxmusl-x64 cache-miss
155 http fetch GET 200 https://registry.npmjs.org/@img%2fsharp-win32-ia32 367ms (cache updated)
156 silly packumentCache full:https://registry.npmjs.org/@img%2fsharp-win32-ia32 set size:undefined disposed:false
157 silly fetch manifest @img/sharp-linuxmusl-arm64@0.34.5
158 silly packumentCache full:https://registry.npmjs.org/@img%2fsharp-linuxmusl-arm64 cache-miss
159 http fetch GET 200 https://registry.npmjs.org/@img%2fsharp-linux-s390x 338ms (cache updated)
160 silly packumentCache full:https://registry.npmjs.org/@img%2fsharp-linux-s390x set size:undefined disposed:false
161 silly fetch manifest @img/sharp-libvips-linux-arm@1.2.4
162 silly packumentCache full:https://registry.npmjs.org/@img%2fsharp-libvips-linux-arm cache-miss
163 http fetch GET 200 https://registry.npmjs.org/@img%2fsharp-darwin-x64 384ms (cache updated)
164 silly packumentCache full:https://registry.npmjs.org/@img%2fsharp-darwin-x64 set size:undefined disposed:false
165 silly fetch manifest @img/sharp-libvips-linux-x64@1.2.4
166 silly packumentCache full:https://registry.npmjs.org/@img%2fsharp-libvips-linux-x64 cache-miss
167 http fetch GET 200 https://registry.npmjs.org/@img%2fsharp-linux-arm64 379ms (cache updated)
168 silly packumentCache full:https://registry.npmjs.org/@img%2fsharp-linux-arm64 set size:undefined disposed:false
169 silly fetch manifest @img/sharp-libvips-darwin-x64@1.2.4
170 silly packumentCache full:https://registry.npmjs.org/@img%2fsharp-libvips-darwin-x64 cache-miss
171 http fetch GET 200 https://registry.npmjs.org/@img%2fsharp-darwin-arm64 330ms (cache updated)
172 silly packumentCache full:https://registry.npmjs.org/@img%2fsharp-darwin-arm64 set size:undefined disposed:false
173 silly fetch manifest @img/sharp-libvips-linux-arm64@1.2.4
174 silly packumentCache full:https://registry.npmjs.org/@img%2fsharp-libvips-linux-arm64 cache-miss
175 http fetch GET 200 https://registry.npmjs.org/@img%2fsharp-linuxmusl-x64 260ms (cache updated)
176 silly packumentCache full:https://registry.npmjs.org/@img%2fsharp-linuxmusl-x64 set size:undefined disposed:false
177 silly fetch manifest @img/sharp-libvips-linux-ppc64@1.2.4
178 silly packumentCache full:https://registry.npmjs.org/@img%2fsharp-libvips-linux-ppc64 cache-miss
179 http fetch GET 200 https://registry.npmjs.org/@img%2fsharp-linux-riscv64 314ms (cache miss)
180 silly packumentCache full:https://registry.npmjs.org/@img%2fsharp-linux-riscv64 set size:undefined disposed:false
181 silly fetch manifest @img/sharp-libvips-linux-s390x@1.2.4
182 silly packumentCache full:https://registry.npmjs.org/@img%2fsharp-libvips-linux-s390x cache-miss
183 http fetch GET 200 https://registry.npmjs.org/@img%2fsharp-libvips-linux-arm64 277ms (cache updated)
184 silly packumentCache full:https://registry.npmjs.org/@img%2fsharp-libvips-linux-arm64 set size:undefined disposed:false
185 silly fetch manifest @img/sharp-libvips-darwin-arm64@1.2.4
186 silly packumentCache full:https://registry.npmjs.org/@img%2fsharp-libvips-darwin-arm64 cache-miss
187 http fetch GET 200 https://registry.npmjs.org/@img%2fsharp-linuxmusl-arm64 310ms (cache updated)
188 silly packumentCache full:https://registry.npmjs.org/@img%2fsharp-linuxmusl-arm64 set size:undefined disposed:false
189 silly fetch manifest @img/sharp-libvips-linux-riscv64@1.2.4
190 silly packumentCache full:https://registry.npmjs.org/@img%2fsharp-libvips-linux-riscv64 cache-miss
191 http fetch GET 200 https://registry.npmjs.org/@img%2fsharp-libvips-linux-arm 310ms (cache updated)
192 silly packumentCache full:https://registry.npmjs.org/@img%2fsharp-libvips-linux-arm set size:undefined disposed:false
193 silly fetch manifest @img/sharp-libvips-linuxmusl-x64@1.2.4
194 silly packumentCache full:https://registry.npmjs.org/@img%2fsharp-libvips-linuxmusl-x64 cache-miss
195 http fetch GET 200 https://registry.npmjs.org/@img%2fsharp-libvips-linux-x64 310ms (cache updated)
196 silly packumentCache full:https://registry.npmjs.org/@img%2fsharp-libvips-linux-x64 set size:undefined disposed:false
197 silly fetch manifest @img/sharp-libvips-linuxmusl-arm64@1.2.4
198 silly packumentCache full:https://registry.npmjs.org/@img%2fsharp-libvips-linuxmusl-arm64 cache-miss
199 http fetch GET 200 https://registry.npmjs.org/@img%2fsharp-libvips-darwin-x64 319ms (cache updated)
200 silly packumentCache full:https://registry.npmjs.org/@img%2fsharp-libvips-darwin-x64 set size:undefined disposed:false
201 http fetch GET 200 https://registry.npmjs.org/@img%2fsharp-libvips-linux-ppc64 234ms (cache updated)
202 silly packumentCache full:https://registry.npmjs.org/@img%2fsharp-libvips-linux-ppc64 set size:undefined disposed:false
203 http fetch GET https://registry.npmjs.org/@img%2fsharp-libvips-linux-s390x attempt 1 failed with ERR_SSL_SSLV3_ALERT_BAD_RECORD_MAC
204 http fetch GET 200 https://registry.npmjs.org/@img%2fsharp-libvips-linux-riscv64 236ms (cache miss)
205 silly packumentCache full:https://registry.npmjs.org/@img%2fsharp-libvips-linux-riscv64 set size:undefined disposed:false
206 http fetch GET 200 https://registry.npmjs.org/@img%2fsharp-libvips-linuxmusl-x64 241ms (cache updated)
207 silly packumentCache full:https://registry.npmjs.org/@img%2fsharp-libvips-linuxmusl-x64 set size:undefined disposed:false
208 http fetch GET 200 https://registry.npmjs.org/@img%2fsharp-libvips-linuxmusl-arm64 244ms (cache updated)
209 silly packumentCache full:https://registry.npmjs.org/@img%2fsharp-libvips-linuxmusl-arm64 set size:undefined disposed:false
210 http fetch GET 200 https://registry.npmjs.org/@img%2fsharp-libvips-darwin-arm64 263ms (cache updated)
211 silly packumentCache full:https://registry.npmjs.org/@img%2fsharp-libvips-darwin-arm64 set size:undefined disposed:false
212 http fetch GET 200 https://registry.npmjs.org/@img%2fsharp-libvips-linux-s390x 10598ms attempt #2 (cache updated)
213 silly packumentCache full:https://registry.npmjs.org/@img%2fsharp-libvips-linux-s390x set size:undefined disposed:false
214 silly placeDep ROOT scheduler@0.27.0 OK for: react-dom@19.2.4 want: ^0.27.0
215 silly placeDep ROOT @img/colour@1.1.0 OK for: sharp@0.34.5 want: ^1.0.0
216 silly placeDep ROOT @img/sharp-darwin-arm64@0.34.5 OK for: sharp@0.34.5 want: 0.34.5
217 silly placeDep ROOT @img/sharp-darwin-x64@0.34.5 OK for: sharp@0.34.5 want: 0.34.5
218 silly placeDep ROOT @img/sharp-libvips-darwin-arm64@1.2.4 OK for: sharp@0.34.5 want: 1.2.4
219 silly placeDep ROOT @img/sharp-libvips-darwin-x64@1.2.4 OK for: sharp@0.34.5 want: 1.2.4
220 silly placeDep ROOT @img/sharp-libvips-linux-arm@1.2.4 OK for: sharp@0.34.5 want: 1.2.4
221 silly placeDep ROOT @img/sharp-libvips-linux-arm64@1.2.4 OK for: sharp@0.34.5 want: 1.2.4
222 silly placeDep ROOT @img/sharp-libvips-linux-ppc64@1.2.4 OK for: sharp@0.34.5 want: 1.2.4
223 silly placeDep ROOT @img/sharp-libvips-linux-riscv64@1.2.4 OK for: sharp@0.34.5 want: 1.2.4
224 silly placeDep ROOT @img/sharp-libvips-linux-s390x@1.2.4 OK for: sharp@0.34.5 want: 1.2.4
225 silly placeDep ROOT @img/sharp-libvips-linux-x64@1.2.4 OK for: sharp@0.34.5 want: 1.2.4
226 silly placeDep ROOT @img/sharp-libvips-linuxmusl-arm64@1.2.4 OK for: sharp@0.34.5 want: 1.2.4
227 silly placeDep ROOT @img/sharp-libvips-linuxmusl-x64@1.2.4 OK for: sharp@0.34.5 want: 1.2.4
228 silly placeDep ROOT @img/sharp-linux-arm@0.34.5 OK for: sharp@0.34.5 want: 0.34.5
229 silly placeDep ROOT @img/sharp-linux-arm64@0.34.5 OK for: sharp@0.34.5 want: 0.34.5
230 silly placeDep ROOT @img/sharp-linux-ppc64@0.34.5 OK for: sharp@0.34.5 want: 0.34.5
231 silly placeDep ROOT @img/sharp-linux-riscv64@0.34.5 OK for: sharp@0.34.5 want: 0.34.5
232 silly placeDep ROOT @img/sharp-linux-s390x@0.34.5 OK for: sharp@0.34.5 want: 0.34.5
233 silly placeDep ROOT @img/sharp-linux-x64@0.34.5 OK for: sharp@0.34.5 want: 0.34.5
234 silly placeDep ROOT @img/sharp-linuxmusl-arm64@0.34.5 OK for: sharp@0.34.5 want: 0.34.5
235 silly placeDep ROOT @img/sharp-linuxmusl-x64@0.34.5 OK for: sharp@0.34.5 want: 0.34.5
236 silly placeDep ROOT @img/sharp-wasm32@0.34.5 OK for: sharp@0.34.5 want: 0.34.5
237 silly placeDep ROOT @img/sharp-win32-arm64@0.34.5 OK for: sharp@0.34.5 want: 0.34.5
238 silly placeDep ROOT @img/sharp-win32-ia32@0.34.5 OK for: sharp@0.34.5 want: 0.34.5
239 silly placeDep ROOT @img/sharp-win32-x64@0.34.5 OK for: sharp@0.34.5 want: 0.34.5
240 silly placeDep ROOT detect-libc@2.1.2 REPLACE for: sharp@0.34.5 want: ^2.1.2
241 silly placeDep ROOT semver@7.7.4 REPLACE for: sharp@0.34.5 want: ^7.7.3
242 silly fetch manifest @emnapi/runtime@^1.7.0
243 silly packumentCache full:https://registry.npmjs.org/@emnapi%2fruntime cache-miss
244 http fetch GET 200 https://registry.npmjs.org/@emnapi%2fruntime 226ms (cache updated)
245 silly packumentCache full:https://registry.npmjs.org/@emnapi%2fruntime set size:undefined disposed:false
246 silly placeDep ROOT @emnapi/runtime@1.9.0 REPLACE for: @img/sharp-wasm32@0.34.5 want: ^1.7.0
247 silly reify mark retired [
247 silly reify   'G:\\notai\\VSCodeProjects\\franartic-portfolio\\node_modules\\@emnapi\\runtime'
247 silly reify ]
248 silly reify mark retired [
248 silly reify   'G:\\notai\\VSCodeProjects\\franartic-portfolio\\node_modules\\@img\\sharp-win32-x64'
248 silly reify ]
249 silly reify mark retired [
249 silly reify   'G:\\notai\\VSCodeProjects\\franartic-portfolio\\node_modules\\@next\\env'
249 silly reify ]
250 silly reify mark retired [
250 silly reify   'G:\\notai\\VSCodeProjects\\franartic-portfolio\\node_modules\\@next\\swc-win32-x64-msvc'
250 silly reify ]
251 silly reify mark retired [
251 silly reify   'G:\\notai\\VSCodeProjects\\franartic-portfolio\\node_modules\\@swc\\counter'
251 silly reify ]
252 silly reify mark retired [
252 silly reify   'G:\\notai\\VSCodeProjects\\franartic-portfolio\\node_modules\\busboy'
252 silly reify ]
253 silly reify mark retired [
253 silly reify   'G:\\notai\\VSCodeProjects\\franartic-portfolio\\node_modules\\color'
253 silly reify ]
254 silly reify mark retired [
254 silly reify   'G:\\notai\\VSCodeProjects\\franartic-portfolio\\node_modules\\color-string'
254 silly reify ]
255 silly reify mark retired [
255 silly reify   'G:\\notai\\VSCodeProjects\\franartic-portfolio\\node_modules\\detect-libc'
255 silly reify ]
256 silly reify mark retired [
256 silly reify   'G:\\notai\\VSCodeProjects\\franartic-portfolio\\node_modules\\is-arrayish'
256 silly reify ]
257 silly reify mark retired [
257 silly reify   'G:\\notai\\VSCodeProjects\\franartic-portfolio\\node_modules\\next',
257 silly reify   'G:\\notai\\VSCodeProjects\\franartic-portfolio\\node_modules\\.bin\\next',
257 silly reify   'G:\\notai\\VSCodeProjects\\franartic-portfolio\\node_modules\\.bin\\next.cmd',
257 silly reify   'G:\\notai\\VSCodeProjects\\franartic-portfolio\\node_modules\\.bin\\next.ps1'
257 silly reify ]
258 silly reify mark retired [
258 silly reify   'G:\\notai\\VSCodeProjects\\franartic-portfolio\\node_modules\\react'
258 silly reify ]
259 silly reify mark retired [
259 silly reify   'G:\\notai\\VSCodeProjects\\franartic-portfolio\\node_modules\\react-dom'
259 silly reify ]
260 silly reify mark retired [
260 silly reify   'G:\\notai\\VSCodeProjects\\franartic-portfolio\\node_modules\\scheduler'
260 silly reify ]
261 silly reify mark retired [
261 silly reify   'G:\\notai\\VSCodeProjects\\franartic-portfolio\\node_modules\\semver',
261 silly reify   'G:\\notai\\VSCodeProjects\\franartic-portfolio\\node_modules\\.bin\\semver',
261 silly reify   'G:\\notai\\VSCodeProjects\\franartic-portfolio\\node_modules\\.bin\\semver.cmd',
261 silly reify   'G:\\notai\\VSCodeProjects\\franartic-portfolio\\node_modules\\.bin\\semver.ps1'
261 silly reify ]
262 silly reify mark retired [
262 silly reify   'G:\\notai\\VSCodeProjects\\franartic-portfolio\\node_modules\\sharp'
262 silly reify ]
263 silly reify mark retired [
263 silly reify   'G:\\notai\\VSCodeProjects\\franartic-portfolio\\node_modules\\simple-swizzle'
263 silly reify ]
264 silly reify mark retired [
264 silly reify   'G:\\notai\\VSCodeProjects\\franartic-portfolio\\node_modules\\streamsearch'
264 silly reify ]
265 silly reify moves {
265 silly reify   'G:\\notai\\VSCodeProjects\\franartic-portfolio\\node_modules\\@emnapi\\runtime': 'G:\\notai\\VSCodeProjects\\franartic-portfolio\\node_modules\\@emnapi\\.runtime-tu5B6Pf2',
265 silly reify   'G:\\notai\\VSCodeProjects\\franartic-portfolio\\node_modules\\@img\\sharp-win32-x64': 'G:\\notai\\VSCodeProjects\\franartic-portfolio\\node_modules\\@img\\.sharp-win32-x64-vrNBozYs',
265 silly reify   'G:\\notai\\VSCodeProjects\\franartic-portfolio\\node_modules\\@next\\env': 'G:\\notai\\VSCodeProjects\\franartic-portfolio\\node_modules\\@next\\.env-VijjXqz2',
265 silly reify   'G:\\notai\\VSCodeProjects\\franartic-portfolio\\node_modules\\@next\\swc-win32-x64-msvc': 'G:\\notai\\VSCodeProjects\\franartic-portfolio\\node_modules\\@next\\.swc-win32-x64-msvc-zyGmqJja',
265 silly reify   'G:\\notai\\VSCodeProjects\\franartic-portfolio\\node_modules\\@swc\\counter': 'G:\\notai\\VSCodeProjects\\franartic-portfolio\\node_modules\\@swc\\.counter-tOeJvrTz',
265 silly reify   'G:\\notai\\VSCodeProjects\\franartic-portfolio\\node_modules\\busboy': 'G:\\notai\\VSCodeProjects\\franartic-portfolio\\node_modules\\.busboy-3iAE4DPi',
265 silly reify   'G:\\notai\\VSCodeProjects\\franartic-portfolio\\node_modules\\color': 'G:\\notai\\VSCodeProjects\\franartic-portfolio\\node_modules\\.color-S94ljPKB',
265 silly reify   'G:\\notai\\VSCodeProjects\\franartic-portfolio\\node_modules\\color-string': 'G:\\notai\\VSCodeProjects\\franartic-portfolio\\node_modules\\.color-string-frjpwUlA',
265 silly reify   'G:\\notai\\VSCodeProjects\\franartic-portfolio\\node_modules\\detect-libc': 'G:\\notai\\VSCodeProjects\\franartic-portfolio\\node_modules\\.detect-libc-sNyA7ZaL',
265 silly reify   'G:\\notai\\VSCodeProjects\\franartic-portfolio\\node_modules\\is-arrayish': 'G:\\notai\\VSCodeProjects\\franartic-portfolio\\node_modules\\.is-arrayish-t1TqTVrc',
265 silly reify   'G:\\notai\\VSCodeProjects\\franartic-portfolio\\node_modules\\next': 'G:\\notai\\VSCodeProjects\\franartic-portfolio\\node_modules\\.next-KMCNGWos',
265 silly reify   'G:\\notai\\VSCodeProjects\\franartic-portfolio\\node_modules\\.bin\\next': 'G:\\notai\\VSCodeProjects\\franartic-portfolio\\node_modules\\.bin\\.next-5YdLm35r',
265 silly reify   'G:\\notai\\VSCodeProjects\\franartic-portfolio\\node_modules\\.bin\\next.cmd': 'G:\\notai\\VSCodeProjects\\franartic-portfolio\\node_modules\\.bin\\.next.cmd-pW9e8chX',
265 silly reify   'G:\\notai\\VSCodeProjects\\franartic-portfolio\\node_modules\\.bin\\next.ps1': 'G:\\notai\\VSCodeProjects\\franartic-portfolio\\node_modules\\.bin\\.next.ps1-7q7Cg0e0',
265 silly reify   'G:\\notai\\VSCodeProjects\\franartic-portfolio\\node_modules\\react': 'G:\\notai\\VSCodeProjects\\franartic-portfolio\\node_modules\\.react-yUAWHbsJ',
265 silly reify   'G:\\notai\\VSCodeProjects\\franartic-portfolio\\node_modules\\react-dom': 'G:\\notai\\VSCodeProjects\\franartic-portfolio\\node_modules\\.react-dom-iSzNSX4L',
265 silly reify   'G:\\notai\\VSCodeProjects\\franartic-portfolio\\node_modules\\scheduler': 'G:\\notai\\VSCodeProjects\\franartic-portfolio\\node_modules\\.scheduler-EeJwKR2B',
265 silly reify   'G:\\notai\\VSCodeProjects\\franartic-portfolio\\node_modules\\semver': 'G:\\notai\\VSCodeProjects\\franartic-portfolio\\node_modules\\.semver-zeQj430h',
265 silly reify   'G:\\notai\\VSCodeProjects\\franartic-portfolio\\node_modules\\.bin\\semver': 'G:\\notai\\VSCodeProjects\\franartic-portfolio\\node_modules\\.bin\\.semver-Q1JIufTg',
265 silly reify   'G:\\notai\\VSCodeProjects\\franartic-portfolio\\node_modules\\.bin\\semver.cmd': 'G:\\notai\\VSCodeProjects\\franartic-portfolio\\node_modules\\.bin\\.semver.cmd-UFCEj84C',
265 silly reify   'G:\\notai\\VSCodeProjects\\franartic-portfolio\\node_modules\\.bin\\semver.ps1': 'G:\\notai\\VSCodeProjects\\franartic-portfolio\\node_modules\\.bin\\.semver.ps1-X09Soz76',
265 silly reify   'G:\\notai\\VSCodeProjects\\franartic-portfolio\\node_modules\\sharp': 'G:\\notai\\VSCodeProjects\\franartic-portfolio\\node_modules\\.sharp-39xwgLuv',
265 silly reify   'G:\\notai\\VSCodeProjects\\franartic-portfolio\\node_modules\\simple-swizzle': 'G:\\notai\\VSCodeProjects\\franartic-portfolio\\node_modules\\.simple-swizzle-iA9z4JiE',
265 silly reify   'G:\\notai\\VSCodeProjects\\franartic-portfolio\\node_modules\\streamsearch': 'G:\\notai\\VSCodeProjects\\franartic-portfolio\\node_modules\\.streamsearch-uPCJOuBI'
265 silly reify }
266 silly audit bulk request {
266 silly audit   '@alloc/quick-lru': [ '5.2.0' ],
266 silly audit   '@ampproject/remapping': [ '2.3.0' ],
266 silly audit   '@emnapi/core': [ '1.4.3' ],
266 silly audit   '@emnapi/wasi-threads': [ '1.0.2' ],
266 silly audit   '@eslint-community/eslint-utils': [ '4.7.0' ],
266 silly audit   'eslint-visitor-keys': [ '3.4.3', '4.2.1' ],
266 silly audit   '@eslint-community/regexpp': [ '4.12.1' ],
266 silly audit   '@eslint/config-array': [ '0.20.1' ],
266 silly audit   '@eslint/config-helpers': [ '0.2.3' ],
266 silly audit   '@eslint/core': [ '0.14.0', '0.15.0' ],
266 silly audit   '@eslint/eslintrc': [ '3.3.1' ],
266 silly audit   '@eslint/js': [ '9.29.0' ],
266 silly audit   '@eslint/object-schema': [ '2.1.6' ],
266 silly audit   '@eslint/plugin-kit': [ '0.3.2' ],
266 silly audit   '@humanfs/core': [ '0.19.1' ],
266 silly audit   '@humanfs/node': [ '0.16.6' ],
266 silly audit   '@humanwhocodes/retry': [ '0.3.1', '0.4.3' ],
266 silly audit   '@humanwhocodes/module-importer': [ '1.0.1' ],
266 silly audit   '@isaacs/fs-minipass': [ '4.0.1' ],
266 silly audit   '@jridgewell/gen-mapping': [ '0.3.8' ],
266 silly audit   '@jridgewell/resolve-uri': [ '3.1.2' ],
266 silly audit   '@jridgewell/set-array': [ '1.2.1' ],
266 silly audit   '@jridgewell/sourcemap-codec': [ '1.5.0' ],
266 silly audit   '@jridgewell/trace-mapping': [ '0.3.25' ],
266 silly audit   '@napi-rs/wasm-runtime': [ '0.2.11' ],
266 silly audit   '@next/eslint-plugin-next': [ '15.3.4' ],
266 silly audit   '@nodelib/fs.scandir': [ '2.1.5' ],
266 silly audit   '@nodelib/fs.stat': [ '2.0.5' ],
266 silly audit   '@nodelib/fs.walk': [ '1.2.8' ],
266 silly audit   '@nolyfill/is-core-module': [ '1.0.39' ],
266 silly audit   '@rtsao/scc': [ '1.1.0' ],
266 silly audit   '@rushstack/eslint-patch': [ '1.11.0' ],
266 silly audit   '@swc/helpers': [ '0.5.15' ],
266 silly audit   '@tailwindcss/node': [ '4.1.10' ],
266 silly audit   '@tailwindcss/oxide': [ '4.1.10' ],
266 silly audit   '@tailwindcss/oxide-android-arm64': [ '4.1.10' ],
266 silly audit   '@tailwindcss/oxide-darwin-arm64': [ '4.1.10' ],
266 silly audit   '@tailwindcss/oxide-darwin-x64': [ '4.1.10' ],
266 silly audit   '@tailwindcss/oxide-freebsd-x64': [ '4.1.10' ],
266 silly audit   '@tailwindcss/oxide-linux-arm-gnueabihf': [ '4.1.10' ],
266 silly audit   '@tailwindcss/oxide-linux-arm64-gnu': [ '4.1.10' ],
266 silly audit   '@tailwindcss/oxide-linux-arm64-musl': [ '4.1.10' ],
266 silly audit   '@tailwindcss/oxide-linux-x64-gnu': [ '4.1.10' ],
266 silly audit   '@tailwindcss/oxide-linux-x64-musl': [ '4.1.10' ],
266 silly audit   '@tailwindcss/oxide-wasm32-wasi': [ '4.1.10' ],
266 silly audit   '@tailwindcss/oxide-win32-arm64-msvc': [ '4.1.10' ],
266 silly audit   '@tailwindcss/oxide-win32-x64-msvc': [ '4.1.10' ],
266 silly audit   '@tailwindcss/postcss': [ '4.1.10' ],
266 silly audit   '@tybys/wasm-util': [ '0.9.0' ],
266 silly audit   '@types/estree': [ '1.0.8' ],
266 silly audit   '@types/json-schema': [ '7.0.15' ],
266 silly audit   '@types/json5': [ '0.0.29' ],
266 silly audit   '@typescript-eslint/eslint-plugin': [ '8.34.1' ],
266 silly audit   ignore: [ '7.0.5', '5.3.2' ],
266 silly audit   '@typescript-eslint/parser': [ '8.34.1' ],
266 silly audit   '@typescript-eslint/project-service': [ '8.34.1' ],
266 silly audit   '@typescript-eslint/scope-manager': [ '8.34.1' ],
266 silly audit   '@typescript-eslint/tsconfig-utils': [ '8.34.1' ],
266 silly audit   '@typescript-eslint/type-utils': [ '8.34.1' ],
266 silly audit   '@typescript-eslint/types': [ '8.34.1' ],
266 silly audit   '@typescript-eslint/typescript-estree': [ '8.34.1' ],
266 silly audit   'brace-expansion': [ '2.0.2', '1.1.12' ],
266 silly audit   'fast-glob': [ '3.3.3', '3.3.1' ],
266 silly audit   'glob-parent': [ '5.1.2', '6.0.2' ],
266 silly audit   minimatch: [ '9.0.5', '3.1.2' ],
266 silly audit   '@typescript-eslint/utils': [ '8.34.1' ],
266 silly audit   '@typescript-eslint/visitor-keys': [ '8.34.1' ],
266 silly audit   '@unrs/resolver-binding-android-arm-eabi': [ '1.9.0' ],
266 silly audit   '@unrs/resolver-binding-android-arm64': [ '1.9.0' ],
266 silly audit   '@unrs/resolver-binding-darwin-arm64': [ '1.9.0' ],
266 silly audit   '@unrs/resolver-binding-darwin-x64': [ '1.9.0' ],
266 silly audit   '@unrs/resolver-binding-freebsd-x64': [ '1.9.0' ],
266 silly audit   '@unrs/resolver-binding-linux-arm-gnueabihf': [ '1.9.0' ],
266 silly audit   '@unrs/resolver-binding-linux-arm-musleabihf': [ '1.9.0' ],
266 silly audit   '@unrs/resolver-binding-linux-arm64-gnu': [ '1.9.0' ],
266 silly audit   '@unrs/resolver-binding-linux-arm64-musl': [ '1.9.0' ],
266 silly audit   '@unrs/resolver-binding-linux-ppc64-gnu': [ '1.9.0' ],
266 silly audit   '@unrs/resolver-binding-linux-riscv64-gnu': [ '1.9.0' ],
266 silly audit   '@unrs/resolver-binding-linux-riscv64-musl': [ '1.9.0' ],
266 silly audit   '@unrs/resolver-binding-linux-s390x-gnu': [ '1.9.0' ],
266 silly audit   '@unrs/resolver-binding-linux-x64-gnu': [ '1.9.0' ],
266 silly audit   '@unrs/resolver-binding-linux-x64-musl': [ '1.9.0' ],
266 silly audit   '@unrs/resolver-binding-wasm32-wasi': [ '1.9.0' ],
266 silly audit   '@unrs/resolver-binding-win32-arm64-msvc': [ '1.9.0' ],
266 silly audit   '@unrs/resolver-binding-win32-ia32-msvc': [ '1.9.0' ],
266 silly audit   '@unrs/resolver-binding-win32-x64-msvc': [ '1.9.0' ],
266 silly audit   acorn: [ '8.15.0' ],
266 silly audit   'acorn-jsx': [ '5.3.2' ],
266 silly audit   ajv: [ '6.12.6' ],
266 silly audit   'ansi-styles': [ '4.3.0' ],
266 silly audit   argparse: [ '2.0.1' ],
266 silly audit   'aria-query': [ '5.3.2' ],
266 silly audit   'array-buffer-byte-length': [ '1.0.2' ],
266 silly audit   'array-includes': [ '3.1.9' ],
266 silly audit   'array.prototype.findlast': [ '1.2.5' ],
266 silly audit   'array.prototype.findlastindex': [ '1.2.6' ],
266 silly audit   'array.prototype.flat': [ '1.3.3' ],
266 silly audit   'array.prototype.flatmap': [ '1.3.3' ],
266 silly audit   'array.prototype.tosorted': [ '1.1.4' ],
266 silly audit   'arraybuffer.prototype.slice': [ '1.0.4' ],
266 silly audit   'ast-types-flow': [ '0.0.8' ],
266 silly audit   'async-function': [ '1.0.0' ],
266 silly audit   'available-typed-arrays': [ '1.0.7' ],
266 silly audit   'axe-core': [ '4.10.3' ],
266 silly audit   'axobject-query': [ '4.1.0' ],
266 silly audit   'balanced-match': [ '1.0.2' ],
266 silly audit   braces: [ '3.0.3' ],
266 silly audit   'call-bind': [ '1.0.8' ],
266 silly audit   'call-bind-apply-helpers': [ '1.0.2' ],
266 silly audit   'call-bound': [ '1.0.4' ],
266 silly audit   callsites: [ '3.1.0' ],
266 silly audit   'caniuse-lite': [ '1.0.30001724' ],
266 silly audit   chalk: [ '4.1.2' ],
266 silly audit   chownr: [ '3.0.0' ],
266 silly audit   'client-only': [ '0.0.1' ],
266 silly audit   'color-convert': [ '2.0.1' ],
266 silly audit   'color-name': [ '1.1.4' ],
266 silly audit   'concat-map': [ '0.0.1' ],
266 silly audit   'cross-spawn': [ '7.0.6' ],
266 silly audit   'damerau-levenshtein': [ '1.0.8' ],
266 silly audit   'data-view-buffer': [ '1.0.2' ],
266 silly audit   'data-view-byte-length': [ '1.0.2' ],
266 silly audit   'data-view-byte-offset': [ '1.0.1' ],
266 silly audit   debug: [ '4.4.1', '3.2.7' ],
266 silly audit   'deep-is': [ '0.1.4' ],
266 silly audit   'define-data-property': [ '1.1.4' ],
266 silly audit   'define-properties': [ '1.2.1' ],
266 silly audit   doctrine: [ '2.1.0' ],
266 silly audit   'dunder-proto': [ '1.0.1' ],
266 silly audit   'emoji-regex': [ '9.2.2' ],
266 silly audit   'enhanced-resolve': [ '5.18.1' ],
266 silly audit   'es-abstract': [ '1.24.0' ],
266 silly audit   'es-define-property': [ '1.0.1' ],
266 silly audit   'es-errors': [ '1.3.0' ],
266 silly audit   'es-iterator-helpers': [ '1.2.1' ],
266 silly audit   'es-object-atoms': [ '1.1.1' ],
266 silly audit   'es-set-tostringtag': [ '2.1.0' ],
266 silly audit   'es-shim-unscopables': [ '1.1.0' ],
266 silly audit   'es-to-primitive': [ '1.3.0' ],
266 silly audit   'escape-string-regexp': [ '4.0.0' ],
266 silly audit   eslint: [ '9.29.0' ],
266 silly audit   'eslint-config-next': [ '15.3.4' ],
266 silly audit   'eslint-import-resolver-node': [ '0.3.9' ],
266 silly audit   'eslint-import-resolver-typescript': [ '3.10.1' ],
266 silly audit   'eslint-module-utils': [ '2.12.1' ],
266 silly audit   'eslint-plugin-import': [ '2.31.0' ],
266 silly audit   semver: [ '6.3.1', '7.7.4' ],
266 silly audit   'eslint-plugin-jsx-a11y': [ '6.10.2' ],
266 silly audit   'eslint-plugin-react': [ '7.37.5' ],
266 silly audit   'eslint-plugin-react-hooks': [ '5.2.0' ],
266 silly audit   resolve: [ '2.0.0-next.5', '1.22.10' ],
266 silly audit   'eslint-scope': [ '8.4.0' ],
266 silly audit   espree: [ '10.4.0' ],
266 silly audit   esquery: [ '1.6.0' ],
266 silly audit   esrecurse: [ '4.3.0' ],
266 silly audit   estraverse: [ '5.3.0' ],
266 silly audit   esutils: [ '2.0.3' ],
266 silly audit   'fast-deep-equal': [ '3.1.3' ],
266 silly audit   'fast-json-stable-stringify': [ '2.1.0' ],
266 silly audit   'fast-levenshtein': [ '2.0.6' ],
266 silly audit   fastq: [ '1.19.1' ],
266 silly audit   'file-entry-cache': [ '8.0.0' ],
266 silly audit   'fill-range': [ '7.1.1' ],
266 silly audit   'find-up': [ '5.0.0' ],
266 silly audit   'flat-cache': [ '4.0.1' ],
266 silly audit   flatted: [ '3.3.3' ],
266 silly audit   'for-each': [ '0.3.5' ],
266 silly audit   'function-bind': [ '1.1.2' ],
266 silly audit   'function.prototype.name': [ '1.1.8' ],
266 silly audit   'functions-have-names': [ '1.2.3' ],
266 silly audit   'get-intrinsic': [ '1.3.0' ],
266 silly audit   'get-proto': [ '1.0.1' ],
266 silly audit   'get-symbol-description': [ '1.1.0' ],
266 silly audit   'get-tsconfig': [ '4.10.1' ],
266 silly audit   globals: [ '14.0.0' ],
266 silly audit   globalthis: [ '1.0.4' ],
266 silly audit   gopd: [ '1.2.0' ],
266 silly audit   'graceful-fs': [ '4.2.11' ],
266 silly audit   graphemer: [ '1.4.0' ],
266 silly audit   'has-bigints': [ '1.1.0' ],
266 silly audit   'has-flag': [ '4.0.0' ],
266 silly audit   'has-property-descriptors': [ '1.0.2' ],
266 silly audit   'has-proto': [ '1.2.0' ],
266 silly audit   'has-symbols': [ '1.1.0' ],
266 silly audit   'has-tostringtag': [ '1.0.2' ],
266 silly audit   hasown: [ '2.0.2' ],
266 silly audit   'import-fresh': [ '3.3.1' ],
266 silly audit   imurmurhash: [ '0.1.4' ],
266 silly audit   'internal-slot': [ '1.1.0' ],
266 silly audit   'is-array-buffer': [ '3.0.5' ],
266 silly audit   'is-async-function': [ '2.1.1' ],
266 silly audit   'is-bigint': [ '1.1.0' ],
266 silly audit   'is-boolean-object': [ '1.2.2' ],
266 silly audit   'is-bun-module': [ '2.0.0' ],
266 silly audit   'is-callable': [ '1.2.7' ],
266 silly audit   'is-core-module': [ '2.16.1' ],
266 silly audit   'is-data-view': [ '1.0.2' ],
266 silly audit   'is-date-object': [ '1.1.0' ],
266 silly audit   'is-extglob': [ '2.1.1' ],
266 silly audit   'is-finalizationregistry': [ '1.1.1' ],
266 silly audit   'is-generator-function': [ '1.1.0' ],
266 silly audit   'is-glob': [ '4.0.3' ],
266 silly audit   'is-map': [ '2.0.3' ],
266 silly audit   'is-negative-zero': [ '2.0.3' ],
266 silly audit   'is-number': [ '7.0.0' ],
266 silly audit   'is-number-object': [ '1.1.1' ],
266 silly audit   'is-regex': [ '1.2.1' ],
266 silly audit   'is-set': [ '2.0.3' ],
266 silly audit   'is-shared-array-buffer': [ '1.0.4' ],
266 silly audit   'is-string': [ '1.1.1' ],
266 silly audit   'is-symbol': [ '1.1.1' ],
266 silly audit   'is-typed-array': [ '1.1.15' ],
266 silly audit   'is-weakmap': [ '2.0.2' ],
266 silly audit   'is-weakref': [ '1.1.1' ],
266 silly audit   'is-weakset': [ '2.0.4' ],
266 silly audit   isarray: [ '2.0.5' ],
266 silly audit   isexe: [ '2.0.0' ],
266 silly audit   'iterator.prototype': [ '1.1.5' ],
266 silly audit   jiti: [ '2.4.2' ],
266 silly audit   'js-tokens': [ '4.0.0' ],
266 silly audit   'js-yaml': [ '4.1.0' ],
266 silly audit   'json-buffer': [ '3.0.1' ],
266 silly audit   'json-schema-traverse': [ '0.4.1' ],
266 silly audit   'json-stable-stringify-without-jsonify': [ '1.0.1' ],
266 silly audit   json5: [ '1.0.2' ],
266 silly audit   'jsx-ast-utils': [ '3.3.5' ],
266 silly audit   keyv: [ '4.5.4' ],
266 silly audit   'language-subtag-registry': [ '0.3.23' ],
266 silly audit   'language-tags': [ '1.0.9' ],
266 silly audit   levn: [ '0.4.1' ],
266 silly audit   lightningcss: [ '1.30.1' ],
266 silly audit   'lightningcss-darwin-arm64': [ '1.30.1' ],
266 silly audit   'lightningcss-darwin-x64': [ '1.30.1' ],
266 silly audit   'lightningcss-freebsd-x64': [ '1.30.1' ],
266 silly audit   'lightningcss-linux-arm-gnueabihf': [ '1.30.1' ],
266 silly audit   'lightningcss-linux-arm64-gnu': [ '1.30.1' ],
266 silly audit   'lightningcss-linux-arm64-musl': [ '1.30.1' ],
266 silly audit   'lightningcss-linux-x64-gnu': [ '1.30.1' ],
266 silly audit   'lightningcss-linux-x64-musl': [ '1.30.1' ],
266 silly audit   'lightningcss-win32-arm64-msvc': [ '1.30.1' ],
266 silly audit   'lightningcss-win32-x64-msvc': [ '1.30.1' ],
266 silly audit   'locate-path': [ '6.0.0' ],
266 silly audit   'lodash.merge': [ '4.6.2' ],
266 silly audit   'loose-envify': [ '1.4.0' ],
266 silly audit   'lucide-react': [ '0.525.0' ],
266 silly audit   'magic-string': [ '0.30.17' ],
266 silly audit   'math-intrinsics': [ '1.1.0' ],
266 silly audit   merge2: [ '1.4.1' ],
266 silly audit   micromatch: [ '4.0.8' ],
266 silly audit   minimist: [ '1.2.8' ],
266 silly audit   minipass: [ '7.1.2' ],
266 silly audit   minizlib: [ '3.0.2' ],
266 silly audit   mkdirp: [ '3.0.1' ],
266 silly audit   ms: [ '2.1.3' ],
266 silly audit   nanoid: [ '3.3.11' ],
266 silly audit   'napi-postinstall': [ '0.2.4' ],
266 silly audit   'natural-compare': [ '1.4.0' ],
266 silly audit   postcss: [ '8.5.6', '8.4.31' ],
266 silly audit   'object-assign': [ '4.1.1' ],
266 silly audit   'object-inspect': [ '1.13.4' ],
266 silly audit   'object-keys': [ '1.1.1' ],
266 silly audit   'object.assign': [ '4.1.7' ],
266 silly audit   'object.entries': [ '1.1.9' ],
266 silly audit   'object.fromentries': [ '2.0.8' ],
266 silly audit   'object.groupby': [ '1.0.3' ],
266 silly audit   'object.values': [ '1.2.1' ],
266 silly audit   optionator: [ '0.9.4' ],
266 silly audit   'own-keys': [ '1.0.1' ],
266 silly audit   'p-limit': [ '3.1.0' ],
266 silly audit   'p-locate': [ '5.0.0' ],
266 silly audit   'parent-module': [ '1.0.1' ],
266 silly audit   'path-exists': [ '4.0.0' ],
266 silly audit   'path-key': [ '3.1.1' ],
266 silly audit   'path-parse': [ '1.0.7' ],
266 silly audit   picocolors: [ '1.1.1' ],
266 silly audit   picomatch: [ '2.3.1', '4.0.2' ],
266 silly audit   'possible-typed-array-names': [ '1.1.0' ],
266 silly audit   'prelude-ls': [ '1.2.1' ],
266 silly audit   'prop-types': [ '15.8.1' ],
266 silly audit   punycode: [ '2.3.1' ],
266 silly audit   'queue-microtask': [ '1.2.3' ],
266 silly audit   'react-icons': [ '5.5.0' ],
266 silly audit   'react-is': [ '16.13.1' ],
266 silly audit   'reflect.getprototypeof': [ '1.0.10' ],
266 silly audit   'regexp.prototype.flags': [ '1.5.4' ],
266 silly audit   'resolve-from': [ '4.0.0' ],
266 silly audit   'resolve-pkg-maps': [ '1.0.0' ],
266 silly audit   reusify: [ '1.1.0' ],
266 silly audit   'run-parallel': [ '1.2.0' ],
266 silly audit   'safe-array-concat': [ '1.1.3' ],
266 silly audit   'safe-push-apply': [ '1.0.0' ],
266 silly audit   'safe-regex-test': [ '1.1.0' ],
266 silly audit   'set-function-length': [ '1.2.2' ],
266 silly audit   'set-function-name': [ '2.0.2' ],
266 silly audit   'set-proto': [ '1.0.0' ],
266 silly audit   'shebang-command': [ '2.0.0' ],
266 silly audit   'shebang-regex': [ '3.0.0' ],
266 silly audit   'side-channel': [ '1.1.0' ],
266 silly audit   'side-channel-list': [ '1.0.0' ],
266 silly audit   'side-channel-map': [ '1.0.1' ],
266 silly audit   'side-channel-weakmap': [ '1.0.2' ],
266 silly audit   'source-map-js': [ '1.2.1' ],
266 silly audit   'stable-hash': [ '0.0.5' ],
266 silly audit   'stop-iteration-iterator': [ '1.1.0' ],
266 silly audit   'string.prototype.includes': [ '2.0.1' ],
266 silly audit   'string.prototype.matchall': [ '4.0.12' ],
266 silly audit   'string.prototype.repeat': [ '1.0.0' ],
266 silly audit   'string.prototype.trim': [ '1.2.10' ],
266 silly audit   'string.prototype.trimend': [ '1.0.9' ],
266 silly audit   'string.prototype.trimstart': [ '1.0.8' ],
266 silly audit   'strip-bom': [ '3.0.0' ],
266 silly audit   'strip-json-comments': [ '3.1.1' ],
266 silly audit   'styled-jsx': [ '5.1.6' ],
266 silly audit   'supports-color': [ '7.2.0' ],
266 silly audit   'supports-preserve-symlinks-flag': [ '1.0.0' ],
266 silly audit   tailwindcss: [ '4.1.10' ],
266 silly audit   tapable: [ '2.2.2' ],
266 silly audit   tar: [ '7.4.3' ],
266 silly audit   tinyglobby: [ '0.2.14' ],
266 silly audit   fdir: [ '6.4.6' ],
266 silly audit   'to-regex-range': [ '5.0.1' ],
266 silly audit   'ts-api-utils': [ '2.1.0' ],
266 silly audit   'tsconfig-paths': [ '3.15.0' ],
266 silly audit   tslib: [ '2.8.1' ],
266 silly audit   'type-check': [ '0.4.0' ],
266 silly audit   'typed-array-buffer': [ '1.0.3' ],
266 silly audit   'typed-array-byte-length': [ '1.0.3' ],
266 silly audit   'typed-array-byte-offset': [ '1.0.4' ],
266 silly audit   'typed-array-length': [ '1.0.7' ],
266 silly audit   typescript: [ '5.8.3' ],
266 silly audit   'unbox-primitive': [ '1.1.0' ],
266 silly audit   'unrs-resolver': [ '1.9.0' ],
266 silly audit   'uri-js': [ '4.4.1' ],
266 silly audit   which: [ '2.0.2' ],
266 silly audit   'which-boxed-primitive': [ '1.1.1' ],
266 silly audit   'which-builtin-type': [ '1.2.1' ],
266 silly audit   'which-collection': [ '1.0.2' ],
266 silly audit   'which-typed-array': [ '1.1.19' ],
266 silly audit   'word-wrap': [ '1.2.5' ],
266 silly audit   yallist: [ '5.0.0' ],
266 silly audit   'yocto-queue': [ '0.1.0' ],
266 silly audit   next: [ '16.2.0' ],
266 silly audit   react: [ '19.2.4' ],
266 silly audit   'react-dom': [ '19.2.4' ],
266 silly audit   '@next/env': [ '16.2.0' ],
266 silly audit   '@next/swc-darwin-arm64': [ '16.2.0' ],
266 silly audit   '@next/swc-darwin-x64': [ '16.2.0' ],
266 silly audit   '@next/swc-linux-arm64-gnu': [ '16.2.0' ],
266 silly audit   '@next/swc-linux-arm64-musl': [ '16.2.0' ],
266 silly audit   '@next/swc-linux-x64-gnu': [ '16.2.0' ],
266 silly audit   '@next/swc-linux-x64-musl': [ '16.2.0' ],
266 silly audit   '@next/swc-win32-arm64-msvc': [ '16.2.0' ],
266 silly audit   '@next/swc-win32-x64-msvc': [ '16.2.0' ],
266 silly audit   'baseline-browser-mapping': [ '2.10.8' ],
266 silly audit   sharp: [ '0.34.5' ],
266 silly audit   scheduler: [ '0.27.0' ],
266 silly audit   '@img/colour': [ '1.1.0' ],
266 silly audit   '@img/sharp-darwin-arm64': [ '0.34.5' ],
266 silly audit   '@img/sharp-darwin-x64': [ '0.34.5' ],
266 silly audit   '@img/sharp-libvips-darwin-arm64': [ '1.2.4' ],
266 silly audit   '@img/sharp-libvips-darwin-x64': [ '1.2.4' ],
266 silly audit   '@img/sharp-libvips-linux-arm': [ '1.2.4' ],
266 silly audit   '@img/sharp-libvips-linux-arm64': [ '1.2.4' ],
266 silly audit   '@img/sharp-libvips-linux-ppc64': [ '1.2.4' ],
266 silly audit   '@img/sharp-libvips-linux-riscv64': [ '1.2.4' ],
266 silly audit   '@img/sharp-libvips-linux-s390x': [ '1.2.4' ],
266 silly audit   '@img/sharp-libvips-linux-x64': [ '1.2.4' ],
266 silly audit   '@img/sharp-libvips-linuxmusl-arm64': [ '1.2.4' ],
266 silly audit   '@img/sharp-libvips-linuxmusl-x64': [ '1.2.4' ],
266 silly audit   '@img/sharp-linux-arm': [ '0.34.5' ],
266 silly audit   '@img/sharp-linux-arm64': [ '0.34.5' ],
266 silly audit   '@img/sharp-linux-ppc64': [ '0.34.5' ],
266 silly audit   '@img/sharp-linux-riscv64': [ '0.34.5' ],
266 silly audit   '@img/sharp-linux-s390x': [ '0.34.5' ],
266 silly audit   '@img/sharp-linux-x64': [ '0.34.5' ],
266 silly audit   '@img/sharp-linuxmusl-arm64': [ '0.34.5' ],
266 silly audit   '@img/sharp-linuxmusl-x64': [ '0.34.5' ],
266 silly audit   '@img/sharp-wasm32': [ '0.34.5' ],
266 silly audit   '@img/sharp-win32-arm64': [ '0.34.5' ],
266 silly audit   '@img/sharp-win32-ia32': [ '0.34.5' ],
266 silly audit   '@img/sharp-win32-x64': [ '0.34.5' ],
266 silly audit   'detect-libc': [ '2.1.2' ],
266 silly audit   '@emnapi/runtime': [ '1.9.0' ]
266 silly audit }
267 http cache @img/colour@https://registry.npmjs.org/@img/colour/-/colour-1.1.0.tgz 1ms (cache hit)
268 http cache sharp@https://registry.npmjs.org/sharp/-/sharp-0.34.5.tgz 0ms (cache hit)
269 http cache baseline-browser-mapping@https://registry.npmjs.org/baseline-browser-mapping/-/baseline-browser-mapping-2.10.8.tgz 0ms (cache hit)
270 http cache semver@https://registry.npmjs.org/semver/-/semver-7.7.4.tgz 0ms (cache hit)
271 http cache scheduler@https://registry.npmjs.org/scheduler/-/scheduler-0.27.0.tgz 0ms (cache hit)
272 http cache react@https://registry.npmjs.org/react/-/react-19.2.4.tgz 0ms (cache hit)
273 http cache next@https://registry.npmjs.org/next/-/next-16.2.0.tgz 0ms (cache hit)
274 http cache react-dom@https://registry.npmjs.org/react-dom/-/react-dom-19.2.4.tgz 0ms (cache hit)
275 http cache @next/env@https://registry.npmjs.org/@next/env/-/env-16.2.0.tgz 0ms (cache hit)
276 http cache detect-libc@https://registry.npmjs.org/detect-libc/-/detect-libc-2.1.2.tgz 0ms (cache hit)
277 http cache @next/swc-win32-x64-msvc@https://registry.npmjs.org/@next/swc-win32-x64-msvc/-/swc-win32-x64-msvc-16.2.0.tgz 0ms (cache hit)
278 http cache @img/sharp-win32-x64@https://registry.npmjs.org/@img/sharp-win32-x64/-/sharp-win32-x64-0.34.5.tgz 0ms (cache hit)
279 http cache @emnapi/runtime@https://registry.npmjs.org/@emnapi/runtime/-/runtime-1.9.0.tgz 0ms (cache hit)
280 silly tarball no local data for @img/colour@https://registry.npmjs.org/@img/colour/-/colour-1.1.0.tgz. Extracting by manifest.
281 silly tarball no local data for sharp@https://registry.npmjs.org/sharp/-/sharp-0.34.5.tgz. Extracting by manifest.
282 silly tarball no local data for baseline-browser-mapping@https://registry.npmjs.org/baseline-browser-mapping/-/baseline-browser-mapping-2.10.8.tgz. Extracting by manifest.
283 silly tarball no local data for semver@https://registry.npmjs.org/semver/-/semver-7.7.4.tgz. Extracting by manifest.
284 silly tarball no local data for scheduler@https://registry.npmjs.org/scheduler/-/scheduler-0.27.0.tgz. Extracting by manifest.
285 silly tarball no local data for react@https://registry.npmjs.org/react/-/react-19.2.4.tgz. Extracting by manifest.
286 silly tarball no local data for next@https://registry.npmjs.org/next/-/next-16.2.0.tgz. Extracting by manifest.
287 silly tarball no local data for react-dom@https://registry.npmjs.org/react-dom/-/react-dom-19.2.4.tgz. Extracting by manifest.
288 silly tarball no local data for @next/env@https://registry.npmjs.org/@next/env/-/env-16.2.0.tgz. Extracting by manifest.
289 silly tarball no local data for detect-libc@https://registry.npmjs.org/detect-libc/-/detect-libc-2.1.2.tgz. Extracting by manifest.
290 silly tarball no local data for @next/swc-win32-x64-msvc@https://registry.npmjs.org/@next/swc-win32-x64-msvc/-/swc-win32-x64-msvc-16.2.0.tgz. Extracting by manifest.
291 silly tarball no local data for @img/sharp-win32-x64@https://registry.npmjs.org/@img/sharp-win32-x64/-/sharp-win32-x64-0.34.5.tgz. Extracting by manifest.
292 silly tarball no local data for @emnapi/runtime@https://registry.npmjs.org/@emnapi/runtime/-/runtime-1.9.0.tgz. Extracting by manifest.
293 http fetch POST 200 https://registry.npmjs.org/-/npm/v1/security/advisories/bulk 380ms
294 silly audit report {
294 silly audit report   '@eslint/plugin-kit': [
294 silly audit report     {
294 silly audit report       id: 1106734,
294 silly audit report       url: 'https://github.com/advisories/GHSA-xffm-g5w8-qvg7',
294 silly audit report       title: '@eslint/plugin-kit is vulnerable to Regular Expression Denial of Service attacks through ConfigCommentParser',
294 silly audit report       severity: 'low',
294 silly audit report       vulnerable_versions: '<0.3.4',
294 silly audit report       cwe: [Array],
294 silly audit report       cvss: [Object]
294 silly audit report     }
294 silly audit report   ],
294 silly audit report   minimatch: [
294 silly audit report     {
294 silly audit report       id: 1113459,
294 silly audit report       url: 'https://github.com/advisories/GHSA-3ppc-4f35-3m26',
294 silly audit report       title: 'minimatch has a ReDoS via repeated wildcards with non-matching literal in pattern',
294 silly audit report       severity: 'high',
294 silly audit report       vulnerable_versions: '<3.1.3',
294 silly audit report       cwe: [Array],
294 silly audit report       cvss: [Object]
294 silly audit report     },
294 silly audit report     {
294 silly audit report       id: 1113465,
294 silly audit report       url: 'https://github.com/advisories/GHSA-3ppc-4f35-3m26',
294 silly audit report       title: 'minimatch has a ReDoS via repeated wildcards with non-matching literal in pattern',
294 silly audit report       severity: 'high',
294 silly audit report       vulnerable_versions: '>=9.0.0 <9.0.6',
294 silly audit report       cwe: [Array],
294 silly audit report       cvss: [Object]
294 silly audit report     },
294 silly audit report     {
294 silly audit report       id: 1113538,
294 silly audit report       url: 'https://github.com/advisories/GHSA-7r86-cg39-jmmj',
294 silly audit report       title: 'minimatch has ReDoS: matchOne() combinatorial backtracking via multiple non-adjacent GLOBSTAR segments',
294 silly audit report       severity: 'high',
294 silly audit report       vulnerable_versions: '<3.1.3',
294 silly audit report       cwe: [Array],
294 silly audit report       cvss: [Object]
294 silly audit report     },
294 silly audit report     {
294 silly audit report       id: 1113544,
294 silly audit report       url: 'https://github.com/advisories/GHSA-7r86-cg39-jmmj',
294 silly audit report       title: 'minimatch has ReDoS: matchOne() combinatorial backtracking via multiple non-adjacent GLOBSTAR segments',
294 silly audit report       severity: 'high',
294 silly audit report       vulnerable_versions: '>=9.0.0 <9.0.7',
294 silly audit report       cwe: [Array],
294 silly audit report       cvss: [Object]
294 silly audit report     },
294 silly audit report     {
294 silly audit report       id: 1113546,
294 silly audit report       url: 'https://github.com/advisories/GHSA-23c5-xmqv-rm74',
294 silly audit report       title: 'minimatch ReDoS: nested *() extglobs generate catastrophically backtracking regular expressions',
294 silly audit report       severity: 'high',
294 silly audit report       vulnerable_versions: '<3.1.4',
294 silly audit report       cwe: [Array],
294 silly audit report       cvss: [Object]
294 silly audit report     },
294 silly audit report     {
294 silly audit report       id: 1113552,
294 silly audit report       url: 'https://github.com/advisories/GHSA-23c5-xmqv-rm74',
294 silly audit report       title: 'minimatch ReDoS: nested *() extglobs generate catastrophically backtracking regular expressions',
294 silly audit report       severity: 'high',
294 silly audit report       vulnerable_versions: '>=9.0.0 <9.0.7',
294 silly audit report       cwe: [Array],
294 silly audit report       cvss: [Object]
294 silly audit report     }
294 silly audit report   ],
294 silly audit report   ajv: [
294 silly audit report     {
294 silly audit report       id: 1113714,
294 silly audit report       url: 'https://github.com/advisories/GHSA-2g4f-4pwh-qvx6',
294 silly audit report       title: 'ajv has ReDoS when using `$data` option',
294 silly audit report       severity: 'moderate',
294 silly audit report       vulnerable_versions: '<6.14.0',
294 silly audit report       cwe: [Array],
294 silly audit report       cvss: [Object]
294 silly audit report     }
294 silly audit report   ],
294 silly audit report   flatted: [
294 silly audit report     {
294 silly audit report       id: 1114526,
294 silly audit report       url: 'https://github.com/advisories/GHSA-25h7-pfq9-p65f',
294 silly audit report       title: 'flatted vulnerable to unbounded recursion DoS in parse() revive phase',
294 silly audit report       severity: 'high',
294 silly audit report       vulnerable_versions: '<3.4.0',
294 silly audit report       cwe: [Array],
294 silly audit report       cvss: [Object]
294 silly audit report     }
294 silly audit report   ],
294 silly audit report   'js-yaml': [
294 silly audit report     {
294 silly audit report       id: 1112715,
294 silly audit report       url: 'https://github.com/advisories/GHSA-mh29-5h37-fv8m',
294 silly audit report       title: 'js-yaml has prototype pollution in merge (<<)',
294 silly audit report       severity: 'moderate',
294 silly audit report       vulnerable_versions: '>=4.0.0 <4.1.1',
294 silly audit report       cwe: [Array],
294 silly audit report       cvss: [Object]
294 silly audit report     }
294 silly audit report   ],
294 silly audit report   tar: [
294 silly audit report     {
294 silly audit report       id: 1112659,
294 silly audit report       url: 'https://github.com/advisories/GHSA-34x7-hfp2-rc4v',
294 silly audit report       title: 'node-tar Vulnerable to Arbitrary File Creation/Overwrite via Hardlink Path Traversal',
294 silly audit report       severity: 'high',
294 silly audit report       vulnerable_versions: '<7.5.7',
294 silly audit report       cwe: [Array],
294 silly audit report       cvss: [Object]
294 silly audit report     },
294 silly audit report     {
294 silly audit report       id: 1113300,
294 silly audit report       url: 'https://github.com/advisories/GHSA-8qq5-rm4j-mr97',
294 silly audit report       title: 'node-tar is Vulnerable to Arbitrary File Overwrite and Symlink Poisoning via Insufficient Path Sanitization',
294 silly audit report       severity: 'high',
294 silly audit report       vulnerable_versions: '<=7.5.2',
294 silly audit report       cwe: [Array],
294 silly audit report       cvss: [Object]
294 silly audit report     },
294 silly audit report     {
294 silly audit report       id: 1113375,
294 silly audit report       url: 'https://github.com/advisories/GHSA-83g3-92jg-28cx',
294 silly audit report       title: 'Arbitrary File Read/Write via Hardlink Target Escape Through Symlink Chain in node-tar Extraction',
294 silly audit report       severity: 'high',
294 silly audit report       vulnerable_versions: '<7.5.8',
294 silly audit report       cwe: [Array],
294 silly audit report       cvss: [Object]
294 silly audit report     },
294 silly audit report     {
294 silly audit report       id: 1114200,
294 silly audit report       url: 'https://github.com/advisories/GHSA-qffp-2rhf-9h96',
294 silly audit report       title: 'tar has Hardlink Path Traversal via Drive-Relative Linkpath',
294 silly audit report       severity: 'high',
294 silly audit report       vulnerable_versions: '<=7.5.9',
294 silly audit report       cwe: [Array],
294 silly audit report       cvss: [Object]
294 silly audit report     },
294 silly audit report     {
294 silly audit report       id: 1114302,
294 silly audit report       url: 'https://github.com/advisories/GHSA-9ppj-qmqm-q256',
294 silly audit report       title: 'node-tar Symlink Path Traversal via Drive-Relative Linkpath',
294 silly audit report       severity: 'high',
294 silly audit report       vulnerable_versions: '<=7.5.10',
294 silly audit report       cwe: [Array],
294 silly audit report       cvss: [Object]
294 silly audit report     },
294 silly audit report     {
294 silly audit report       id: 1114680,
294 silly audit report       url: 'https://github.com/advisories/GHSA-r6q2-hw4h-h46w',
294 silly audit report       title: 'Race Condition in node-tar Path Reservations via Unicode Ligature Collisions on macOS APFS',
294 silly audit report       severity: 'high',
294 silly audit report       vulnerable_versions: '<=7.5.3',
294 silly audit report       cwe: [Array],
294 silly audit report       cvss: [Object]
294 silly audit report     }
294 silly audit report   ]
294 silly audit report }
295 silly packumentCache corgi:https://registry.npmjs.org/@eslint%2fplugin-kit cache-miss
296 silly packumentCache corgi:https://registry.npmjs.org/minimatch cache-miss
297 silly packumentCache corgi:https://registry.npmjs.org/ajv cache-miss
298 silly packumentCache corgi:https://registry.npmjs.org/flatted cache-miss
299 silly packumentCache corgi:https://registry.npmjs.org/js-yaml cache-miss
300 silly packumentCache corgi:https://registry.npmjs.org/tar cache-miss
301 http fetch GET 200 https://registry.npmjs.org/@img/colour/-/colour-1.1.0.tgz 417ms (cache miss)
302 http fetch GET 200 https://registry.npmjs.org/baseline-browser-mapping/-/baseline-browser-mapping-2.10.8.tgz 529ms (cache miss)
303 http fetch GET 200 https://registry.npmjs.org/scheduler/-/scheduler-0.27.0.tgz 533ms (cache miss)
304 http fetch GET 200 https://registry.npmjs.org/flatted 386ms (cache miss)
305 silly packumentCache corgi:https://registry.npmjs.org/flatted set size:undefined disposed:false
306 http fetch GET 200 https://registry.npmjs.org/@eslint%2fplugin-kit 408ms (cache miss)
307 silly packumentCache corgi:https://registry.npmjs.org/@eslint%2fplugin-kit set size:undefined disposed:false
308 http fetch GET 200 https://registry.npmjs.org/js-yaml 413ms (cache miss)
309 silly packumentCache corgi:https://registry.npmjs.org/js-yaml set size:undefined disposed:false
310 http fetch GET 200 https://registry.npmjs.org/minimatch 430ms (cache miss)
311 silly packumentCache corgi:https://registry.npmjs.org/minimatch set size:undefined disposed:false
312 http fetch GET 200 https://registry.npmjs.org/tar 668ms (cache miss)
313 silly packumentCache corgi:https://registry.npmjs.org/tar set size:undefined disposed:false
314 http fetch GET 200 https://registry.npmjs.org/ajv 754ms (cache miss)
315 silly packumentCache corgi:https://registry.npmjs.org/ajv set size:undefined disposed:false
316 http fetch GET 200 https://registry.npmjs.org/@next/env/-/env-16.2.0.tgz 1237ms (cache miss)
317 silly packumentCache corgi:https://registry.npmjs.org/eslint cache-miss
318 http fetch GET 200 https://registry.npmjs.org/detect-libc/-/detect-libc-2.1.2.tgz 1418ms (cache miss)
319 http fetch GET 200 https://registry.npmjs.org/sharp/-/sharp-0.34.5.tgz 1448ms (cache miss)
320 http fetch GET 200 https://registry.npmjs.org/semver/-/semver-7.7.4.tgz 1641ms (cache miss)
321 http fetch GET 200 https://registry.npmjs.org/eslint 505ms (cache revalidated)
322 silly packumentCache corgi:https://registry.npmjs.org/eslint set size:1142103 disposed:false
323 silly packumentCache corgi:https://registry.npmjs.org/@eslint%2fconfig-array cache-miss
324 silly packumentCache corgi:https://registry.npmjs.org/@eslint%2feslintrc cache-miss
325 silly packumentCache corgi:https://registry.npmjs.org/eslint-plugin-import cache-miss
326 silly packumentCache corgi:https://registry.npmjs.org/eslint-plugin-jsx-a11y cache-miss
327 silly packumentCache corgi:https://registry.npmjs.org/eslint-plugin-react cache-miss
328 http fetch GET 200 https://registry.npmjs.org/react/-/react-19.2.4.tgz 2030ms (cache miss)
329 http fetch GET 200 https://registry.npmjs.org/@eslint%2feslintrc 441ms (cache revalidated)
330 silly packumentCache corgi:https://registry.npmjs.org/@eslint%2feslintrc set size:83205 disposed:false
331 http fetch GET 200 https://registry.npmjs.org/eslint-plugin-jsx-a11y 494ms (cache miss)
332 silly packumentCache corgi:https://registry.npmjs.org/eslint-plugin-jsx-a11y set size:undefined disposed:false
333 http fetch GET 200 https://registry.npmjs.org/eslint-plugin-react 540ms (cache miss)
334 silly packumentCache corgi:https://registry.npmjs.org/eslint-plugin-react set size:undefined disposed:false
335 http fetch GET 200 https://registry.npmjs.org/@emnapi/runtime/-/runtime-1.9.0.tgz 2752ms (cache miss)
336 http fetch GET 200 https://registry.npmjs.org/react-dom/-/react-dom-19.2.4.tgz 4042ms (cache miss)
337 http fetch GET 200 https://registry.npmjs.org/eslint-plugin-import 2670ms (cache miss)
338 silly packumentCache corgi:https://registry.npmjs.org/eslint-plugin-import set size:undefined disposed:false
339 http fetch GET 200 https://registry.npmjs.org/@eslint%2fconfig-array 2859ms (cache miss)
340 silly packumentCache corgi:https://registry.npmjs.org/@eslint%2fconfig-array set size:undefined disposed:false
341 silly packumentCache corgi:https://registry.npmjs.org/@typescript-eslint%2ftypescript-estree cache-miss
342 http fetch GET 200 https://registry.npmjs.org/@img/sharp-win32-x64/-/sharp-win32-x64-0.34.5.tgz 5138ms (cache miss)
343 http fetch GET 200 https://registry.npmjs.org/@typescript-eslint%2ftypescript-estree 2514ms (cache miss)
344 silly packumentCache corgi:https://registry.npmjs.org/@typescript-eslint%2ftypescript-estree set size:undefined disposed:false
345 silly packumentCache corgi:https://registry.npmjs.org/flat-cache cache-miss
346 http fetch GET 200 https://registry.npmjs.org/flat-cache 322ms (cache miss)
347 silly packumentCache corgi:https://registry.npmjs.org/flat-cache set size:undefined disposed:false
348 silly packumentCache corgi:https://registry.npmjs.org/@tailwindcss%2foxide cache-miss
349 http fetch GET 200 https://registry.npmjs.org/@tailwindcss%2foxide 1149ms (cache miss)
350 silly packumentCache corgi:https://registry.npmjs.org/@tailwindcss%2foxide set size:undefined disposed:false
351 http fetch GET 200 https://registry.npmjs.org/@next/swc-win32-x64-msvc/-/swc-win32-x64-msvc-16.2.0.tgz 9964ms (cache miss)
352 http fetch GET 200 https://registry.npmjs.org/next/-/next-16.2.0.tgz 91490ms (cache miss)
353 info run sharp@0.34.5 install node_modules/sharp node install/check.js || npm run build
354 info run sharp@0.34.5 install { code: 0, signal: null }
355 silly ADD node_modules/@img/colour
356 silly ADD node_modules/baseline-browser-mapping
357 silly REMOVE node_modules/streamsearch
358 silly REMOVE node_modules/simple-swizzle
359 silly CHANGE node_modules/sharp
360 silly CHANGE node_modules/semver
361 silly CHANGE node_modules/scheduler
362 silly CHANGE node_modules/react-dom
363 silly CHANGE node_modules/react
364 silly CHANGE node_modules/next
365 silly REMOVE node_modules/is-arrayish
366 silly CHANGE node_modules/detect-libc
367 silly REMOVE node_modules/color-string
368 silly REMOVE node_modules/color
369 silly REMOVE node_modules/busboy
370 silly REMOVE node_modules/@swc/counter
371 silly CHANGE node_modules/@next/swc-win32-x64-msvc
372 silly CHANGE node_modules/@next/env
373 silly CHANGE node_modules/@img/sharp-win32-x64
374 silly CHANGE node_modules/@emnapi/runtime
375 verbose cwd G:\notai\VSCodeProjects\franartic-portfolio
376 verbose os Windows_NT 10.0.22631
377 verbose node v22.14.0
378 verbose npm  v11.11.0
379 verbose exit 0
380 info ok
